C51 COMPILER V9.50a   FUNCTIONS                                                            01/25/2021 16:41:38 PAGE 1   


C51 COMPILER V9.50a, COMPILATION OF MODULE FUNCTIONS
OBJECT MODULE PLACED IN .\Objects\functions.obj
COMPILER INVOKED BY: C:\Keil_v5\C51\BIN\C51.EXE functions.c OPTIMIZE(8,SPEED) BROWSE DEBUG OBJECTEXTEND PRINT(.\Listings
                    -\functions.lst) TABS(2) OBJECT(.\Objects\functions.obj)

line level    source

   1          void fun()
   2          {
   3   1        switch(temp)
*** ERROR C202 IN LINE 3 OF functions.c: 'temp': undefined identifier
   4   1        {
   5   2          case '1':l1=~l1;
*** ERROR C202 IN LINE 5 OF functions.c: 'l1': undefined identifier
   6   2                break;
   7   2          case '2':l2=~l2;
*** ERROR C202 IN LINE 7 OF functions.c: 'l2': undefined identifier
   8   2               break;
   9   2          case '3':l3=~l3;
*** ERROR C202 IN LINE 9 OF functions.c: 'l3': undefined identifier
  10   2                break;
  11   2          case '4':l4=~l4;
*** ERROR C202 IN LINE 11 OF functions.c: 'l4': undefined identifier
  12   2               break;
  13   2          case '5':l5=~l5;
*** ERROR C202 IN LINE 13 OF functions.c: 'l5': undefined identifier
  14   2                break;
  15   2          case '6':l6=~l6;
*** ERROR C202 IN LINE 15 OF functions.c: 'l6': undefined identifier
  16   2               break;
  17   2          case '7':l7=~l7;
*** ERROR C202 IN LINE 17 OF functions.c: 'l7': undefined identifier
  18   2                break;
  19   2          case '8':l8=~l8;
*** ERROR C202 IN LINE 19 OF functions.c: 'l8': undefined identifier
  20   2               break;
  21   2          
  22   2          default:
  23   2            break;
  24   2        }
  25   1      }

C51 COMPILATION COMPLETE.  0 WARNING(S),  9 ERROR(S)
